src/components/pdf-layout-design/PdfGenerator.ts(103,38): error TS2345: Argument of type '{ charSpace: number; lineHeightFactor: number; align?: string | undefined; baseline?: string | undefined; }' is not assignable to parameter of type 'TextOptionsLight'.
  Types of property 'align' are incompatible.
    Type 'string | undefined' is not assignable to type '"left" | "center" | "right" | "justify" | undefined'.
      Type 'string' is not assignable to type '"left" | "center" | "right" | "justify" | undefined'.
src/modules/human-resource-management/pdf-layout/PdfSidebar.tsx(8,5): error TS2305: Module '"@/components/pdf-layout-design/types"' has no exported member 'PageNumberConfig'.
