
> human-resource-management@0.1.0 build
> next build

Γû▓ Next.js 16.1.6 (Turbopack)
- Environments: .env.local

node.exe : ΓÜá The "middleware" file convention is deprecated. Please use "proxy" instead. Learn more: 
https://nextjs.org/docs/messages/middleware-to-proxy
At line:1 char:1
+ & "C:\Program Files\nodejs/node.exe" "C:\Users\mark_\AppData\Roaming\ ...
+ ~~~~~~~~~~~~~~~~~~~~~~~~~~~~~~~~~~~~~~~~~~~~~~~~~~~~~~~~~~~~~~~~~~~~~
    + CategoryInfo          : NotSpecified: (ΓÜá The "middle...leware-to-proxy:String) [], RemoteException
    + FullyQualifiedErrorId : NativeCommandError
 
  Creating an optimized production build ...
Γ£ô Compiled successfully in 7.8s
  Running TypeScript ...
Failed to compile.

.next/types/validator.ts:314:39
Type error: File 
'C:/Users/mark_/human-resource-management-dev/src/app/api/hrm/employee-admin/approval/overtime-request/route.ts' is 
not a module.

[0m [90m 312 |[39m {
 [90m 313 |[39m   type __IsExpected[33m<[39m[33mSpecific[39m [36mextends[39m 
[33mRouteHandlerConfig[39m[33m<[39m[32m"/api/hrm/employee-admin/approval/overtime-request"[39m[33m>>[39m 
[33m=[39m [33mSpecific[39m
[31m[1m>[22m[39m[90m 314 |[39m   [36mconst[39m handler [33m=[39m {} [36mas[39m [36mtypeof[39m 
[36mimport[39m([32m"../../src/app/api/hrm/employee-admin/approval/overtime-request/route.js"[39m)
 [90m     |[39m                                       [31m[1m^[22m[39m
 [90m 315 |[39m   type __Check [33m=[39m __IsExpected[33m<[39m[36mtypeof[39m handler[33m>[39m
 [90m 316 |[39m   [90m// @ts-ignore[39m
 [90m 317 |[39m   type __Unused [33m=[39m __Check[0m
Next.js build worker exited with code: 1 and signal: null
